EN test_lcd NULL C:/Users/lab/Documents/MB_JM/LCD/test_LCD.vhf sub00/vhpl02 1461081120
AR poweron_init behavioral C:/Users/lab/Documents/MB_JM/LCD/Poweron_init.vhd sub00/vhpl09 1461081107
EN test_lcd_muser_projekt NULL C:/Users/lab/Documents/MB_JM/LCD/projekt.vhf sub00/vhpl16 1461081116
EN muxxx4 NULL C:/Users/lab/Documents/MB_JM/LCD/MuXXX4.vhd sub00/vhpl12 1461081112
EN muxxx8 NULL C:/Users/lab/Documents/MB_JM/LCD/MuXXX8.vhd sub00/vhpl14 1461081114
AR byte_send behavioral C:/Users/lab/Documents/MB_JM/LCD/Byte_Send.vhd sub00/vhpl07 1461081105
AR lcd_write behavioral C:/Users/lab/Documents/MB_JM/LCD/LCD_Write.vhd sub00/vhpl01 1461081111
EN byte_send NULL C:/Users/lab/Documents/MB_JM/LCD/Byte_Send.vhd sub00/vhpl06 1461081104
AR display_configuration behavioral C:/Users/lab/Documents/MB_JM/LCD/Display_Configuration.vhd sub00/vhpl11 1461081109
AR test_lcd_muser_projekt behavioral C:/Users/lab/Documents/MB_JM/LCD/projekt.vhf sub00/vhpl17 1461081117
AR nibble_send behavioral C:/Users/lab/Documents/MB_JM/LCD/Nibble_Send.vhd sub00/vhpl05 1461081103
AR projekt behavioral C:/Users/lab/Documents/MB_JM/LCD/projekt.vhf sub00/vhpl19 1461081119
AR muxxx8 behavioral C:/Users/lab/Documents/MB_JM/LCD/MuXXX8.vhd sub00/vhpl15 1461081115
AR test_lcd behavioral C:/Users/lab/Documents/MB_JM/LCD/test_LCD.vhf sub00/vhpl03 1461081121
EN projekt NULL C:/Users/lab/Documents/MB_JM/LCD/projekt.vhf sub00/vhpl18 1461081118
EN display_configuration NULL C:/Users/lab/Documents/MB_JM/LCD/Display_Configuration.vhd sub00/vhpl10 1461081108
EN nibble_send NULL C:/Users/lab/Documents/MB_JM/LCD/Nibble_Send.vhd sub00/vhpl04 1461081102
EN poweron_init NULL C:/Users/lab/Documents/MB_JM/LCD/Poweron_init.vhd sub00/vhpl08 1461081106
AR muxxx4 behavioral C:/Users/lab/Documents/MB_JM/LCD/MuXXX4.vhd sub00/vhpl13 1461081113
EN lcd_write NULL C:/Users/lab/Documents/MB_JM/LCD/LCD_Write.vhd sub00/vhpl00 1461081110
