V3 40
FL C:/Users/lab/Documents/MB_JM/LCD/Byte_Send.vhd 2016/04/19.17:16:23 P.20131013
EN work/Byte_Send 1461081104 FL C:/Users/lab/Documents/MB_JM/LCD/Byte_Send.vhd \
      PB ieee/std_logic_1164 1381692176
AR work/Byte_Send/Behavioral 1461081105 \
      FL C:/Users/lab/Documents/MB_JM/LCD/Byte_Send.vhd EN work/Byte_Send 1461081104
FL C:/Users/lab/Documents/MB_JM/LCD/Display_Configuration.vhd 2016/04/19.17:48:42 P.20131013
EN work/Display_Configuration 1461081108 \
      FL C:/Users/lab/Documents/MB_JM/LCD/Display_Configuration.vhd \
      PB ieee/std_logic_1164 1381692176
AR work/Display_Configuration/Behavioral 1461081109 \
      FL C:/Users/lab/Documents/MB_JM/LCD/Display_Configuration.vhd \
      EN work/Display_Configuration 1461081108
FL C:/Users/lab/Documents/MB_JM/LCD/LCD_Write.vhd 2016/04/19.17:51:19 P.20131013
EN work/LCD_Write 1461081110 FL C:/Users/lab/Documents/MB_JM/LCD/LCD_Write.vhd \
      PB ieee/std_logic_1164 1381692176
AR work/LCD_Write/Behavioral 1461081111 \
      FL C:/Users/lab/Documents/MB_JM/LCD/LCD_Write.vhd EN work/LCD_Write 1461081110
FL C:/Users/lab/Documents/MB_JM/LCD/MuXXX4.vhd 2016/03/22.18:37:54 P.20131013
EN work/MuXXX4 1461081112 FL C:/Users/lab/Documents/MB_JM/LCD/MuXXX4.vhd \
      PB ieee/std_logic_1164 1381692176
AR work/MuXXX4/Behavioral 1461081113 \
      FL C:/Users/lab/Documents/MB_JM/LCD/MuXXX4.vhd EN work/MuXXX4 1461081112
FL C:/Users/lab/Documents/MB_JM/LCD/MuXXX8.vhd 2016/03/22.18:44:55 P.20131013
EN work/MuXXX8 1461081114 FL C:/Users/lab/Documents/MB_JM/LCD/MuXXX8.vhd \
      PB ieee/std_logic_1164 1381692176
AR work/MuXXX8/Behavioral 1461081115 \
      FL C:/Users/lab/Documents/MB_JM/LCD/MuXXX8.vhd EN work/MuXXX8 1461081114
FL C:/Users/lab/Documents/MB_JM/LCD/Nibble_Send.vhd 2016/03/22.16:52:34 P.20131013
EN work/Nibble_Send 1461081102 \
      FL C:/Users/lab/Documents/MB_JM/LCD/Nibble_Send.vhd PB ieee/std_logic_1164 1381692176
AR work/Nibble_Send/Behavioral 1461081103 \
      FL C:/Users/lab/Documents/MB_JM/LCD/Nibble_Send.vhd EN work/Nibble_Send 1461081102
FL C:/Users/lab/Documents/MB_JM/LCD/Poweron_init.vhd 2016/03/22.17:44:52 P.20131013
EN work/Poweron_init 1461081106 \
      FL C:/Users/lab/Documents/MB_JM/LCD/Poweron_init.vhd PB ieee/std_logic_1164 1381692176
AR work/Poweron_init/Behavioral 1461081107 \
      FL C:/Users/lab/Documents/MB_JM/LCD/Poweron_init.vhd EN work/Poweron_init 1461081106
FL C:/Users/lab/Documents/MB_JM/LCD/projekt.vhf 2016/04/19.17:51:39 P.20131013
EN work/test_LCD_MUSER_projekt 1461081116 \
      FL C:/Users/lab/Documents/MB_JM/LCD/projekt.vhf PB ieee/std_logic_1164 1381692176 \
      PB ieee/NUMERIC_STD 1381692181 LB UNISIM PH unisim/VCOMPONENTS 1381692182
AR work/test_LCD_MUSER_projekt/BEHAVIORAL 1461081117 \
      FL C:/Users/lab/Documents/MB_JM/LCD/projekt.vhf \
      EN work/test_LCD_MUSER_projekt 1461081116 CP Nibble_Send CP Byte_Send \
      CP Poweron_init CP OR2 CP Display_Configuration CP LCD_Write CP INV CP MuXXX4 \
      CP MuXXX8
EN work/projekt 1461081118 \
      FL C:/Users/lab/Documents/MB_JM/LCD/projekt.vhf PB ieee/std_logic_1164 1381692176 \
      PB ieee/NUMERIC_STD 1381692181 LB UNISIM PH unisim/VCOMPONENTS 1381692182
AR work/projekt/BEHAVIORAL 1461081119 \
      FL C:/Users/lab/Documents/MB_JM/LCD/projekt.vhf EN work/projekt 1461081118 \
      CP test_LCD_MUSER_projekt
FL C:/Users/lab/Documents/MB_JM/LCD/test_LCD.vhf 2016/04/19.17:51:39 P.20131013
EN work/test_LCD 1461081120 FL C:/Users/lab/Documents/MB_JM/LCD/test_LCD.vhf \
      PB ieee/std_logic_1164 1381692176 PB ieee/NUMERIC_STD 1381692181 LB UNISIM \
      PH unisim/VCOMPONENTS 1381692182
AR work/test_LCD/BEHAVIORAL 1461081121 \
      FL C:/Users/lab/Documents/MB_JM/LCD/test_LCD.vhf EN work/test_LCD 1461081120 \
      CP Nibble_Send CP Byte_Send CP Poweron_init CP OR2 CP Display_Configuration \
      CP LCD_Write CP INV CP MuXXX4 CP MuXXX8
